<html>
<body>
<pre>
<h1>礦ision Build Log</h1>
<h2>Project:</h2>
D:\计件器\SOURCE\ATC\ATC\ATC_Delta\Project\MDK-ARM(uV4)\project.uvproj
Project File Date:  08/28/2017

<h2>Output:</h2>
Rebuild target 'Flash'
compiling main.c...
compiling os_app_hooks.c...
compiling stm32f4xx_it.c...
compiling bsp.c...
compiling bsp_os.c...
compiling bsp_wm8978.c...
compiling bsp_ad7606.c...
compiling bsp_bh1750.c...
compiling bsp_bmp085.c...
compiling bsp_camera.c...
compiling bsp_cpu_flash.c...
compiling bsp_eeprom_24xx.c...
compiling bsp_fsmc_sram.c...
compiling bsp_hmc5883l.c...
compiling bsp_i2c_gpio.c...
compiling bsp_key.c...
compiling bsp_led.c...
compiling bsp_mpu6050.c...
compiling bsp_nand_flash.c...
compiling bsp_nor_flash.c...
compiling bsp_printf.c...
compiling bsp_sdio_sd.c...
compiling bsp_si4730.c...
compiling bsp_spi_flash.c...
compiling bsp_uart.c...
compiling bsp_rtc.c...
compiling bsp_tim_pwm.c...
compiling bsp_spi_bus.c...
assembling startup_stm32f40_41xxx.s...
compiling stm32f4xx_rcc.c...
compiling stm32f4xx_syscfg.c...
compiling misc.c...
compiling stm32f4xx_gpio.c...
compiling stm32f4xx_usart.c...
compiling stm32f4xx_exti.c...
compiling stm32f4xx_iwdg.c...
compiling stm32f4xx_tim.c...
compiling stm32f4xx_wwdg.c...
compiling stm32f4xx_crc.c...
compiling stm32f4xx_spi.c...
compiling stm32f4xx_fsmc.c...
compiling stm32f4xx_sdio.c...
compiling stm32f4xx_dma.c...
compiling stm32f4xx_rtc.c...
compiling stm32f4xx_pwr.c...
compiling stm32f4xx_dcmi.c...
compiling stm32f4xx_adc.c...
compiling stm32f4xx_flash.c...
compiling system_stm32f4xx.c...
compiling GUIDRV_Template.c...
compiling bsp_touch.c...
compiling LCD_RA8875.c...
compiling LCD_SPFD5420.c...
compiling bsp_tft_lcd.c...
compiling bsp_ra8875_flash.c...
compiling bsp_ra8875_port.c...
compiling param.c...
compiling bsp_gt811.c...
compiling LCD_ILI9488.c...
compiling bsp_tsc2046.c...
compiling bsp_ts_ft5x06.c...
compiling asc12.c...
compiling asc16.c...
compiling hz12.c...
compiling hz16.c...
compiling hz24.c...
compiling hz32.c...
compiling SimSun_1616.c...
compiling SimSun_13.c...
compiling SimSun_2424.c...
compiling ra8875_asc_width.c...
compiling GUI_X_Ex.c...
compiling GUIConf.c...
compiling LCDConf.c...
compiling MainTask.c...
..\..\emWin\emWinTask\MainTask.c(578): warning:  #177-D: variable "NCode" was declared but never referenced
..\..\emWin\emWinTask\MainTask.c(578): warning:  #177-D: variable "Id" was declared but never referenced
..\..\emWin\emWinTask\MainTask.c(731): warning:  #177-D: variable "i" was declared but never referenced
..\..\emWin\emWinTask\MainTask.c(738): warning:  #177-D: variable "ICONVIEW_HNum" was declared but never referenced
..\..\emWin\emWinTask\MainTask.c(739): warning:  #177-D: variable "ICONVIEW_VNum" was declared but never referenced
..\..\emWin\emWinTask\MainTask.c(141): warning:  #177-D: variable "_aBitmapItem" was declared but never referenced
..\..\emWin\emWinTask\MainTask.c(463): warning:  #177-D: function "_DrawLogoBox" was declared but never referenced
..\..\emWin\emWinTask\MainTask.c(538): warning:  #177-D: function "_cbInsertCard" was declared but never referenced
compiling App_DispPic.c...
..\..\emWin\emWinTask\App_DispPic.c(351): warning:  #177-D: variable "i" was declared but never referenced
..\..\emWin\emWinTask\App_DispPic.c(352): warning:  #177-D: variable "err" was declared but never referenced
compiling App_Recorder.c...
compiling App_Sensor.c...
compiling App_3D.c...
compiling App_Radio.c...
compiling App_Settings.c...
compiling App_AD7606.c...
compiling App_Camera.c...
compiling App_Net.c...
compiling App_FileBrowse.c...
compiling App_HardDisk.c...
compiling App_SysFunction.c...
compiling App_SysIcon.c...
compiling Logo_DeltaSmall.c...
compiling cpu_core.c...
assembling cpu_a.asm...
compiling cpu_c.c...
compiling lib_ascii.c...
compiling lib_math.c...
compiling lib_mem.c...
compiling lib_str.c...
assembling lib_mem_a.asm...
compiling os_cfg_app.c...
compiling os_core.c...
compiling os_dbg.c...
compiling os_flag.c...
compiling os_int.c...
compiling os_mem.c...
compiling os_msg.c...
compiling os_mutex.c...
compiling os_pend_multi.c...
compiling os_prio.c...
compiling os_q.c...
compiling os_sem.c...
compiling os_stat.c...
compiling os_task.c...
compiling os_tick.c...
compiling os_time.c...
compiling os_tmr.c...
compiling os_var.c...
assembling os_cpu_a.asm...
compiling os_cpu_c.c...
compiling diskio.c...
compiling ff.c...
compiling syscall.c...
compiling usbh_msc_bot.c...
compiling usbh_msc_core.c...
compiling usbh_msc_scsi.c...
compiling usbh_core.c...
compiling usbh_hcs.c...
compiling usbh_ioreq.c...
compiling usbh_stdreq.c...
compiling usb_core.c...
compiling usb_hcd.c...
compiling usb_hcd_int.c...
compiling usb_dcd.c...
compiling usb_dcd_int.c...
compiling usb_bsp.c...
compiling usbh_it.c...
..\..\User\usbh_mass_storage\usbh_it.c(69): warning:  #223-D: function "USBD_OTG_ISR_Handler" declared implicitly
compiling usbh_usr.c...
compiling usbd_core.c...
compiling usbd_ioreq.c...
compiling usbd_req.c...
compiling usbd_msc_bot.c...
compiling usbd_msc_core.c...
compiling usbd_msc_data.c...
compiling usbd_msc_scsi.c...
compiling usbd_desc.c...
compiling usbd_storage_msd.c...
compiling usbd_usr.c...
compiling psock.c...
..\..\User\uIP\uip\psock.c(188): warning:  #513-D: a value of type "const char *" cannot be assigned to an entity of type "const u8_t *"
..\..\User\uIP\uip\psock.c(179): warning:  #550-D: variable "PT_YIELD_FLAG" was set but never used
..\..\User\uIP\uip\psock.c(218): warning:  #550-D: variable "PT_YIELD_FLAG" was set but never used
..\..\User\uIP\uip\psock.c(276): warning:  #167-D: argument of type "char *" is incompatible with parameter of type "u8_t *"
..\..\User\uIP\uip\psock.c(274): warning:  #550-D: variable "PT_YIELD_FLAG" was set but never used
..\..\User\uIP\uip\psock.c(303): warning:  #167-D: argument of type "char *" is incompatible with parameter of type "u8_t *"
..\..\User\uIP\uip\psock.c(301): warning:  #550-D: variable "PT_YIELD_FLAG" was set but never used
..\..\User\uIP\uip\psock.c(334): warning:  #167-D: argument of type "char *" is incompatible with parameter of type "u8_t *"
compiling timer.c...
compiling uip.c...
..\..\User\uIP\uip\uip.c(1848): warning:  #177-D: label "ip_send_nolen" was declared but never referenced
..\..\User\uIP\uip\uip.c(113): warning:  #177-D: variable "all_ones_addr" was declared but never referenced
compiling uip_arp.c...
compiling uip-fw.c...
compiling uiplib.c...
compiling uip-neighbor.c...
compiling uip-split.c...
compiling clock-arch.c...
compiling dm9k_uip.c...
compiling tapdev.c...
compiling httpd.c...
..\..\User\uIP\http\httpd.c(97): warning:  #550-D: variable "PT_YIELD_FLAG" was set but never used
..\..\User\uIP\http\httpd.c(111): warning:  #550-D: variable "PT_YIELD_FLAG" was set but never used
..\..\User\uIP\http\httpd.c(132): warning:  #550-D: variable "PT_YIELD_FLAG" was set but never used
..\..\User\uIP\http\httpd.c(192): warning:  #550-D: variable "PT_YIELD_FLAG" was set but never used
..\..\User\uIP\http\httpd.c(221): warning:  #550-D: variable "PT_YIELD_FLAG" was set but never used
..\..\User\uIP\http\httpd.c(251): warning:  #550-D: variable "PT_YIELD_FLAG" was set but never used
compiling httpd-cgi.c...
..\..\User\uIP\http\httpd-cgi.c(67): warning:  #550-D: variable "PT_YIELD_FLAG" was set but never used
..\..\User\uIP\http\httpd-cgi.c(95): warning:  #550-D: variable "PT_YIELD_FLAG" was set but never used
..\..\User\uIP\http\httpd-cgi.c(167): warning:  #550-D: variable "PT_YIELD_FLAG" was set but never used
..\..\User\uIP\http\httpd-cgi.c(189): warning:  #550-D: variable "PT_YIELD_FLAG" was set but never used
compiling httpd-fs.c...
compiling http-strings.c...
compiling stm32f4x7_eth.c...
compiling ethernetif.c...
compiling api_lib.c...
compiling api_msg.c...
compiling err.c...
compiling netbuf.c...
compiling netdb.c...
compiling netifapi.c...
compiling sockets.c...
compiling tcpip.c...
compiling memp.c...
compiling netif.c...
compiling pbuf.c...
compiling raw.c...
compiling stats.c...
compiling sys.c...
compiling tcp.c...
compiling tcp_in.c...
compiling tcp_out.c...
..\..\User\LwIP\lwip_v1.3.2\src\core\tcp_out.c(465): warning:  #550-D: variable "tcphdr" was set but never used
..\..\User\LwIP\lwip_v1.3.2\src\core\tcp_out.c(935): warning:  #550-D: variable "tcphdr" was set but never used
compiling udp.c...
compiling dhcp.c...
compiling dns.c...
compiling init.c...
compiling mem.c...
..\..\User\LwIP\lwip_v1.3.2\src\core\mem.c(184): warning:  #550-D: variable "mem_sem" was set but never used
compiling autoip.c...
compiling icmp.c...
compiling igmp.c...
compiling inet.c...
compiling inet_chksum.c...
compiling ip.c...
compiling ip_addr.c...
compiling ip_frag.c...
compiling etharp.c...
compiling loopif.c...
compiling slipif.c...
compiling fs.c...
compiling httpd_cgi_ssi.c...
compiling httpd_w.c...
..\..\User\LwIP\httpd_w.c(2047): warning:  #177-D: variable "lpcb" was declared but never referenced
compiling netconf.c...
..\..\User\LwIP\netconf.c(72): warning:  #177-D: variable "iptab" was declared but never referenced
..\..\User\LwIP\netconf.c(73): warning:  #177-D: variable "iptxt" was declared but never referenced
compiling stm32f4x7_eth_bsp.c...
linking...
Program Size: Code=240352 RO-data=641760 RW-data=3404 ZI-data=117572  
FromELF: creating hex file...
User command #1: CopyHex_Flash.bat
D:\计件器\SOURCE\ATC\ATC\ATC_Delta\Project\MDK-ARM(uV4)>copy Flash\Obj\output.hex ..\output(mdk).hex 
已复制         1 个文件。
".\Flash\Obj\output.axf" - 0 Error(s), 37 Warning(s).
Load "D:\\计件器\\SOURCE\\ATC\\ATC\\ATC_Delta\\Project\\MDK-ARM(uV4)\\Flash\\Obj\\output.AXF" 
* JLink Info: Device "STM32F407IG" selected (1024 KB flash, 128 KB RAM).
Set JLink Project File to "D:\计件器\SOURCE\ATC\ATC\ATC_Delta\Project\MDK-ARM(uV4)\JLinkSettings.ini"
 
JLink info:
------------
DLL: V4.50j, compiled Jun 26 2012 09:19:07
Firmware: J-Link ARM V8 compiled Jun 19 2012 11:29:30
Hardware: V8.00
S/N : 20100213 
Feature(s) : RDI,FlashDL,FlashBP,JFlash,GDBFULL 
 
* JLink Info: Found SWD-DP with ID 0x2BA01477
* JLink Info: Found SWD-DP with ID 0x2BA01477
* JLink Info: TPIU fitted.
* JLink Info: ETM fitted.
* JLink Info: FPUnit: 6 code (BP) slots and 2 literal slots
* JLink Info: Found Cortex-M4 r0p1, Little endian.
ROMTableAddr = 0xE00FF003
 
Target info:
------------
Device: STM32F407IG
VTarget = 3.215V
State of Pins: 
TCK: 0, TDI: 0, TDO: 0, TMS: 1, TRES: 1, TRST: 1
Hardware-Breakpoints: 6
Software-Breakpoints: 8192
Watchpoints:          4
JTAG speed: 4000 kHz
 
Erase Done.
Programming Done.
Verify OK.
Application running ...
Build target 'Flash'
compiling MainTask.c...
..\..\emWin\emWinTask\MainTask.c(572): warning:  #177-D: variable "NCode" was declared but never referenced
..\..\emWin\emWinTask\MainTask.c(572): warning:  #177-D: variable "Id" was declared but never referenced
..\..\emWin\emWinTask\MainTask.c(689): warning:  #177-D: variable "i" was declared but never referenced
..\..\emWin\emWinTask\MainTask.c(696): warning:  #177-D: variable "ICONVIEW_HNum" was declared but never referenced
..\..\emWin\emWinTask\MainTask.c(697): warning:  #177-D: variable "ICONVIEW_VNum" was declared but never referenced
..\..\emWin\emWinTask\MainTask.c(141): warning:  #177-D: variable "_aBitmapItem" was declared but never referenced
..\..\emWin\emWinTask\MainTask.c(463): warning:  #177-D: function "_DrawLogoBox" was declared but never referenced
..\..\emWin\emWinTask\MainTask.c(538): warning:  #177-D: function "_cbInsertCard" was declared but never referenced
linking...
Program Size: Code=240352 RO-data=641760 RW-data=3404 ZI-data=117572  
FromELF: creating hex file...
User command #1: CopyHex_Flash.bat
D:\计件器\SOURCE\ATC\ATC\ATC_Delta\Project\MDK-ARM(uV4)>copy Flash\Obj\output.hex ..\output(mdk).hex 
已复制         1 个文件。
".\Flash\Obj\output.axf" - 0 Error(s), 8 Warning(s).
Build target 'Flash'
compiling MainTask.c...
..\..\emWin\emWinTask\MainTask.c(435): warning:  #177-D: function "_DrawLogoBox" was declared but never referenced
..\..\emWin\emWinTask\MainTask.c(510): warning:  #177-D: function "_cbInsertCard" was declared but never referenced
linking...
Program Size: Code=240348 RO-data=641472 RW-data=3404 ZI-data=117572  
FromELF: creating hex file...
User command #1: CopyHex_Flash.bat
D:\计件器\SOURCE\ATC\ATC\ATC_Delta\Project\MDK-ARM(uV4)>copy Flash\Obj\output.hex ..\output(mdk).hex 
已复制         1 个文件。
".\Flash\Obj\output.axf" - 0 Error(s), 2 Warning(s).
Build target 'Flash'
linking...
Program Size: Code=240348 RO-data=641472 RW-data=3404 ZI-data=117572  
FromELF: creating hex file...
User command #1: CopyHex_Flash.bat
D:\计件器\SOURCE\ATC\ATC\ATC_Delta\Project\MDK-ARM(uV4)>copy Flash\Obj\output.hex ..\output(mdk).hex 
已复制         1 个文件。
".\Flash\Obj\output.axf" - 0 Error(s), 0 Warning(s).
